---
source: tui/src/app/tests/model_catalog.rs
expression: model_migration_copy_to_plain_text(&copy)
---
Astral has a recommended model. Introducing gpt-5.4.

We recommend switching from legacy-test-model to gpt-5.4.

Strong model for everyday coding.

You can continue using legacy-test-model if you prefer.
