---
source: astral-tui/src/surface_tests.rs
expression: buffer_text(&buffer)
---

  ⎇ main  /workspace

  Response 4 keeps enough content to make the transcript overflow.
  Worked for 1.0s

  › question 5: inspect the layered transcript

  Response 5 keeps enough content to make the transcript overflow.
  Worked for 1.0s
                                                                               █
  › question 6: inspect the layered transcript                                 █
                                                                               █
  Response 6 keeps enough content to make the transcript overflow.             █
  Worked for 1.0s
                                        ▼
  history ↑5

  ╭──────────────────────────────────────────────────────────────────────────╮
  │ ❯                                                                        │
  ╰──────────────────────────────────────────── claude-sonnet-4 · workspace ─╯

  Shift+Tab:mode  │  Ctrl+.:shortcuts
