---
source: astral-tui/src/surface_tests.rs
expression: viewer
---

  ┌─ src/lib.rs ─────────────────────────────────────────────────────────[×]─┐
  │                                                                          │
  │  1 fn first() {}                                                         │
  │  2 fn second() {}                                                        │
  │  3 fn third() {}                                                         │
  │                                                                          │
  │                                                                          │
  │                                                                          │
  │                                                                          │
  │                                                                          │
  │                                                                          │
  │                                                                          │
  │                                                                          │
  │                                                                          │
  │                                                                          │
  │                                                                          │
  │         Esc · / find · v select · Enter range · x file · w wrap          │
  └──────────────────────────────────────────────────────────────────────────┘
