---
source: astral-tui/src/surface_tests.rs
expression: "render_at_size(&mut state, &session, 80, 24)"
---

  ⎇ main  /workspace


  › inspect this┌─ Session status ─────────────────────────[×]─┐
                │                                              │
                │  Thread             thread-1                 │
  I’m tracing th│  Model              claude-sonnet-4 · anthr  │
                │  Working directory  /workspace               │
                │  Context            9.2K / 500K              │
                │                                              │
                │                                              │
                │                                              │
                │                                              │
                │                                              │
                │                                              │
  ◇ Working     │                                              │
                │                                              │
  ╭─────────────│                  Esc close                   │─────────────╮
  │ ❯           └──────────────────────────────────────────────┘             │
  ╰──────────────────────────────────────────── claude-sonnet-4 · workspace ─╯

  Shift+Tab:mode  │  Ctrl+.:shortcuts
