---
source: astral-tui/src/modal_tests.rs
expression: "format!(\"POPUP\\n{popup_snapshot}\\n\\nEMBEDDED\\n{}\",\nbuffer_text(&embedded, embedded_area))"
---
POPUP
................................................................
................................................................
................................................................
................................................................
..........┌─ Settings ───────────────────────── [×] ─┐..........
..........│  General  Models & Providers             │..........
..........│  Tools & Search  Permissions & Safety    │..........
..........│──────────────────────────────────────────│..........
..........│  Presenter content stays independent     │..........
..........│      Enter select  |  ↑/↓ navigate       │..........
..........│                Esc close                 │..........
..........└──────────────────────────────────────────┘..........
................................................................
................................................................
................................................................
................................................................

EMBEDDED
Ask Astral
  Question 1  Question 2
──────────────────────────────────────────
 Prompt-area presenter content


      Enter select  |  ↑/↓ navigate
                Esc close
