---
source: astral-tui/src/prompt_interaction_tests.rs
expression: buffer_text(&buffer)
---
Answer questions · 1/2
  Scope  Token
────────────────────────────────────────────────────────────────────────
 Choose Scope

 › 1 (○) Alpha
       Change the first target
   2 (○) Beta
   3 (○) None of the above
    ↑/↓ navigate  |  Space select  |  Enter next/submit  |  z notes
