---
source: astral-tui/src/surface_tests.rs
expression: "render_at_size(&state, &session, 80, 24)"
---

  ⎇ main  /workspace

  ❯ inspect this repo
                ┌─ Session status ─────────────────────────[×]─┐
  I’m tracing th│                                              │
                │  Thread             thread-1                 │
                │  Model              claude-sonnet-4 · anthr  │
                │  Working directory  /workspace               │
                │  Context            9.2K / 500K              │
                │                                              │
                │                                              │
                │                                              │
                │                                              │
                │                                              │
                │                                              │
  ◇ Working     │                                              │
                │                                              │
  ╭─────────────│                  Esc close                   │─────────────╮
  │ ❯           └──────────────────────────────────────────────┘             │
  ╰──────────────────────────────────────────── claude-sonnet-4 · workspace ─╯

  Shift+Tab:mode  │  Ctrl+.:shortcuts
