---
source: astral-tui/src/surface_tests.rs
expression: buffer_text(&buffer)
---

  ┌─ lib.rs ─────────────────────────────────────────────────────────────[×]─┐
  │                                                                          │
  │  ◆ Edit lib.rs                                                           │
  │                                                                          │
  │    │ @@ -1,4 +1,6 @@                                                     │
  │    │  pub fn render() {                                                  │
  │    │ -    draw_old();                                                    │
  │    │ +    draw_header();                                                 │
  │    │ +    draw_body();                                                   │
  │    │  }                                                                  │
  │    │ +                                                                   │
  │    │ +pub fn close() {}                                                  │
  │                                                                          │
  │                                                                          │
  │                                                                          │
  │                                                                          │
  │                                                                          │
  │                                                                          │
  │  search: draw                                                            │
  │                                                                          │
  │    Esc close · / search · f filter · v select · y copy · Y copy path     │
  └──────────────────────────────────────────────────────────────────────────┘
