---
source: astral-tui/src/surface_tests.rs
expression: rendered
---
 ⎇ main  /workspace

 › first question

 first response

 › second question









 ╭────────────────────────────────────────────────────────────────────────────╮
 │ ❯                                                                          │
 ╰────────────────────────────────────────────── claude-sonnet-4 · workspace ─╯
 Shift+Tab:mode  │  Ctrl+.:shortcuts
