---
source: astral-tui/src/thread_picker_tests.rs
expression: buffer_text(&buffer)
---
              ┌─ Resume Astral session ──────────────[×]─┐
              │                                          │
              │  Search:                                 │
              │                                          │
              │  ◆ Astral TUI integration                │
              │      /workspace/astral-code              │
              │  ◆ Fix daemon reconnect                  │
              │      /workspace/astral-code              │
              │  1/2 · more available                    │
              │                                          │
              │ ↑/↓ navigate · Enter select · Esc cancel │
              └──────────────────────────────────────────┘
