---
source: astral-tui/src/surface_tests.rs
expression: buffer_text(&buffer)
---

  ┌─ lib.rs ─────────────────────────────────────────────────────────────[×]─┐
  │                                                                          │
  │    2      draw_old();                                                    │
  │    2      draw_header();                                                 │
  │    3      draw_body();                                                   │
  │                                                                          │
  │                                                                          │
  │                                                                          │
  │                                                                          │
  │                                                                          │
  │                                                                          │
  │                                                                          │
  │                                                                          │
  │                                                                          │
  │                                                                          │
  │                                                                          │
  │                                                                          │
  │                                                                          │
  │                                              [filter: draw · 3 matches]  │
  │                                                                          │
  │    Esc close · / search · f filter · v select · w wrap · Y copy path     │
  └──────────────────────────────────────────────────────────────────────────┘
