---
source: astral-tui/src/surface_tests.rs
expression: "request_surface(json!({\n    \"method\": \"item/fileChange/requestApproval\", \"id\": \"edit-1\", \"params\":\n    {\n        \"threadId\": \"thread-1\", \"turnId\": \"turn-1\", \"itemId\": \"edit-1\",\n        \"startedAtMs\": 101, \"reason\": \"update source\", \"grantRoot\": null\n    }\n}), \"\")"
---
 ⎇ main  /workspace

 › inspect this repo


 I’m tracing the relevant data flow.




 ┃
 ┃  Allow file changes?
 ┃  update source
 ┃
 ┃  1 (●) Allow once
 ┃  2 (○) Allow for this session
 ┃  3 (○) Deny
 ↑/↓:navigate  │  Enter:select  │  Tab:transcript  │  Esc:cancel
