---
source: astral-tui/src/surface_tests.rs
expression: rendered
---

  ⎇ main  /workspace


  › first question

  ◆ Thought
  first response
  Worked for 2.0s

  › second question

  ◆ Thought
  second response
  Worked for 2.0s














  ╭─────────────────────────────────────────────────────────────────────────────────────────────────────────────────────────────────────╮
  │ ❯                                                                                                                                   │
  ╰─────────────────────────────────────────────────────────────────────────────────────────────────────── claude-sonnet-4 · workspace ─╯

  Shift+Tab:mode  │  Ctrl+.:shortcuts
