---
source: astral-tui/src/surface_tests.rs
expression: "render_at_size(&mut state, &session, 80, 24)"
---

  ⎇ main  /workspace


  › inspect ┌─ Keyboard Shortcuts ─────────────────────────────[×]─┐
            │                                                      │
            │  Search: / to filter                                 │
  I’m tracin│  ──────────────────────────────────────────────────  │
            │    Ctrl+j                  Scroll transcript down o  │
            │    Ctrl+u                  Scroll transcript up hal  │
            │    Ctrl+d                  Scroll transcript down h  │
            │    j / ↓                   Select next transcript e  │
            │    k / ↑                   Select previous transcri  │
            │    o                       Select next visible link  │
            │    Shift+o                 Select previous visible   │
            │  ▸ Conversation actions                              │
  ◇ Working │  ▸ Session                                           │
            │                                                      │
  ╭─────────│    ↑/↓ nav · e expand · Enter details · Esc close    │─────────╮
  │ ❯       └──────────────────────────────────────────────────────┘         │
  ╰──────────────────────────────────────────── claude-sonnet-4 · workspace ─╯
