---
source: astral-tui/src/surface_tests.rs
expression: viewer
---

  ┌─ lib.rs ─────────────────────────────────────────────────────────────[×]─┐
  │                                                                          │
  │  ◆ Edit lib.rs                                                           │
  │                                                                          │
  │    │ @@ -1,4 +1,6 @@                                                     │
  │    │  pub fn render() {                                                  │
  │    │ -    draw_old();                                                    │
  │    │ +    draw_header();                                                 │
  │    │ +    draw_body();                                                   │
  │    │  }                                                                  │
  │    │ +                                                                   │
  │    │ +pub fn close() {}                                                  │
  │                                                                          │
  │                                                                          │
  │                                                                          │
  │                                                                          │
  │                                                                          │
  │                                                                          │
  │                                                                          │
  │                                                                          │
  │  j/k select · Ctrl+d/u page · y copy · Y copy path · Esc/q/Ctrl+F close  │
  └──────────────────────────────────────────────────────────────────────────┘
