---
source: astral-tui/src/surface_tests.rs
expression: "format!(\"{}\\n\\nvisual selection mask:\\n{}\\n\\nmouse drag selection mask:\\n{}\",\nbuffer_text(&buffer), visual_selection_mask,\nselection_mask(&buffer, state.theme().text_primary))"
---

  ┌─ lib.rs ─────────────────────────────────────────────────────────────[×]─┐
  │                                                                          │
  │  ◆ Edit lib.rs                                                           │
  │                                                                          │
  │    │ @@ -1,4 +1,6 @@                                                     │
  │    │  pub fn render() {                                                  │
  │    │ -    draw_old();                                                    │
  │    │ +    draw_header();                                                 │
  │    │ +    draw_body();                                                   │
  │    │  }                                                                  │
  │    │ +                                                                   │
  │    │ +pub fn close() {}                                                  │
  │                                                                          │
  │                                                                          │
  │                                                                          │
  │                                                                          │
  │                                                                          │
  │                                                                          │
  │                                                                          │
  │                                                                          │
  │    Esc close · / search · f filter · v select · w wrap · Y copy path     │
  └──────────────────────────────────────────────────────────────────────────┘

visual selection mask:



     ^^^^^^^^^^^^^^^^^^^^^^^^^^^^^^^^^^^^^^^^^^^^^^^^^^^^^^^^^^^^^^^^^^^^
     ^^^^^^^^^^^^^^^^^^^^^^^^^^^^^^^^^^^^^^^^^^^^^^^^^^^^^^^^^^^^^^^^^^^^
     ^^^^^^^^^^^^^^^^^^^^^^^^^^^^^^^^^^^^^^^^^^^^^^^^^^^^^^^^^^^^^^^^^^^^

mouse drag selection mask:





        ^^^^^^^^
