---
source: astral-tui/src/surface_tests.rs
expression: "format!(\"EXPANDED\\n{expanded}\\n\\nCOLLAPSED\\n{collapsed}\")"
---
EXPANDED

  ⎇ main  /workspace


  › inspect this repo


  I’m tracing the relevant data flow.

  ◆ Edit lib.rs

    1  old value
    1  new value







  ◇ Working

  ╭──────────────────────────────────────────────────────────────────────────╮
  │ ❯                                                                        │
  ╰──────────────────────────────────────────── claude-sonnet-4 · workspace ─╯

  Enter:queue  │  Shift+Tab:mode  │  Ctrl+.:shortcuts

COLLAPSED

  ⎇ main  /workspace


  › inspect this repo


  I’m tracing the relevant data flow.
┌                                                                              ┐
│ › Edit lib.rs +1/-1                                                          │
└                                                                              ┘









  ◇ Working

  ╭──────────────────────────────────────────────────────────────────────────╮
  │ ❯                                                                        │
  ╰──────────────────────────────────────────── claude-sonnet-4 · workspace ─╯

  e:expand  │  Enter:open  │  y:copy  │  Y:copy path
