---
source: astral-tui/src/surface_tests.rs
expression: "render_at_size(&state, &session, 80, 24)"
---

  ⎇ main  /workspace

  › inspect this repo                                                 12:00 AM █
                                                                               █
                                                                               █
  I’m tracing the relevant data flow.                                          █
                                                                               ▲
                                                                              ━━
                                                                               ─
  › continue with the implementation                                  12:00 AM ▼
                                                                               █
                                                                               █
  I’m validating the next layer.                                      12:00 AM █
  Worked for 1.0s                                                              █

  ◇ Working

  ╭──────────────────────────────────────────────────────────────────────────╮
  │ ❯                                                                        │
  ╰──────────────────────────────────────────── claude-sonnet-4 · workspace ─╯

  Shift+Tab:mode  │  Ctrl+.:shortcuts
