---
source: astral-tui/src/surface_tests.rs
expression: "render_at_size(&mut state, &session, 80, 24)"
---

  ⎇ main  /workspace


  › inspect ┌─ Keyboard Shortcuts ─────────────────────────────[×]─┐
            │                                                      │
            │  Search: / to filter                                 │
  I’m tracin│  ──────────────────────────────────────────────────  │
            │  ▾ Getting started                                   │
            │    Ctrl+p           Search commands and actions      │
            │    Ctrl+. / Ctrl+x  Keyboard shortcuts               │
            │    Tab              Focus transcript                 │
            │    Tab / i / Space  Focus prompt                     │
            │  ▸ Input                                             │
            │  ▸ Conversation navigation                           │
            │  ▸ Conversation actions                              │
  ◇ Working │  ▸ Session                                           │
            │                                                      │
  ╭─────────│    ↑/↓ nav · e expand · Enter details · Esc close    │─────────╮
  │ ❯       └──────────────────────────────────────────────────────┘         │
  ╰──────────────────────────────────────────── claude-sonnet-4 · workspace ─╯
