---
source: astral-tui/src/prompt_interaction_tests.rs
expression: buffer_text(&buffer)
---
Action required · payments
 Review the payment details to continue.

 URL
 https://payments.example/checkout/123

 Complete the requested action in your browser, then return here.
 › 1. Open link
   2. Back
             ↑/↓ navigate  |  Enter confirm  |  Esc decline
