---
source: astral-tui/src/surface_tests.rs
expression: "render_at_size(&mut state, &session, 80, 24)"
---

  ⎇ main  /workspace


  › inspect this repo


  I’m tracing the relevant data flow.
           ╭───────────────────────────────────────────────────────╮
           │Summarize the result                                   │
           │and mention any remaining failures                     │
           ╰───────────────────────────────────────────────────────╯

  #1 Run the focused tests after this finishes
  #2 Summarize the result (+1 line)                   [Send now][edit][cancel]

  ◇ Working · 2 queued

  ╭──────────────────────────────────────────────────────────────────────────╮
  │ ❯                                                                        │
  ╰──────────────────────────────────────────── claude-sonnet-4 · workspace ─╯

  ↑/↓:move  │  Enter:edit  │  Ctrl+Enter:send now  │  Esc:back
