---
source: astral-tui/src/surface_tests.rs
expression: "render_at_size(&state, &session, 80, 24)"
---

  ⎇ main  /workspace


  › inspect this repo                                                 12:00 AM


  I’m tracing the relevant data flow.





  ╭─ commands ───────────────────────────────────────────────────────────────╮
  │› /model          Choose model and reasoning effort                       │
  │  /permissions    Choose what Astral can do                               │
  ╰──────────────────────────────────────────────────────────────────────────╯

  ╭──────────────────────────────────────────────────────────────────────────╮
  │ ❯ /model                                                                 │
  ╰──────────────────────────────────────────── claude-sonnet-4 · workspace ─╯

  ↑/↓:navigate  │  Tab:complete  │  Esc:close
