---
source: astral-tui/src/surface_tests.rs
expression: "format!(\"{}\\n\\nvisual selection mask:\\n{}\\n\\nmouse drag selection mask:\\n{}\",\nbuffer_text(&buffer), visual_selection_mask,\nselection_mask(&buffer, state.theme().text_primary))"
---

  ┌─ lib.rs ─────────────────────────────────────────────────────────────[×]─┐
  │                                                                          │
  │  ◆ Edit lib.rs                                                           │
  │                                                                          │
  │    1  pub fn render() {                                                  │
  │    2      draw_old();                                                    │
  │    2      draw_header();                                                 │
  │    3      draw_body();                                                   │
  │    4  }                                                                  │
  │    5                                                                     │
  │    6  pub fn close() {}                                                  │
  │                                                                          │
  │                                                                          │
  │                                                                          │
  │                                                                          │
  │                                                                          │
  │                                                                          │
  │                                                                          │
  │                                                                          │
  │                                                                          │
  │    Esc close · / search · f filter · v select · w wrap · Y copy path     │
  └──────────────────────────────────────────────────────────────────────────┘

visual selection mask:



     ^^^^^^^^^^^^^^^^^^^^^^^^^^^^^^^^^^^^^^^^^^^^^^^^^^^^^^^^^^^^^^^^^^^^
     ^^^^^^^^^^^^^^^^^^^^^^^^^^^^^^^^^^^^^^^^^^^^^^^^^^^^^^^^^^^^^^^^^^^^
     ^^^^^^^^^^^^^^^^^^^^^^^^^^^^^^^^^^^^^^^^^^^^^^^^^^^^^^^^^^^^^^^^^^^^

mouse drag selection mask:





        ^^^^^^^^
