---
source: astral-tui/src/surface_tests.rs
expression: "render_at_size(&mut state, &session, 80, 24)"
---

  ⎇ main  /workspace

  › inspect this repo                                                          █
                                                                               █
                                                                               █
  I’m tracing the relevant data flow.                                          █
                                                                               █

  ╭─ commands ───────────────────────────────────────────────────────────────╮
  │› /status         Show session and context status                        █│
  │  /copy           Copy the last response                                 █│
  │  /theme          Choose the Astral theme                                █│
  │  /multiline      Toggle multiline prompt mode                           █│
  │  /timeline       Toggle the timeline rail                               ││
  │  /history        Search previous prompts                                ││
  ╰──────────────────────────────────────────────────────────────────────────╯

  ╭──────────────────────────────────────────────────────────────────────────╮
  │ ❯ /status                                                                │
  ╰──────────────────────────────────────────── claude-sonnet-4 · workspace ─╯

  ↑/↓:navigate  │  Tab:complete  │  Esc:close
