---
source: astral-tui/src/surface_tests.rs
expression: buffer_text(&buffer)
---

  ⎇ main  /workspace



  › question 6: inspect the layered transcript


  Response 6 keeps enough content to make the transcript overflow.

  Worked for 1.0s
                                                                               █
                                                                               █
  › question 7: inspect the layered transcript                                 █

                                        ▼
  history ↑5

  ╭──────────────────────────────────────────────────────────────────────────╮
  │ ❯                                                                        │
  ╰──────────────────────────────────────────── claude-sonnet-4 · workspace ─╯

  Shift+Tab:mode  │  Ctrl+.:shortcuts
