---
source: astral-tui/src/surface_tests.rs
expression: "render_at_size(&state, &session, 80, 24)"
---

  ⎇ main  /workspace


  › inspect this┌─ Choose Astral theme ────────────────────[×]─┐      12:00 AM
                │                                              │
                │  ❯ Astral Night (current)                    │
  I’m tracing th│      Dark palette with violet accents        │
                │    Astral Day                                │
                │      Light palette for bright environments   │
                │    Terminal                                  │
                │      Use terminal foreground and background  │
                │                                              │
                │                                              │
                │                                              │
                │                                              │
  ◇ Working     │                                              │
                │                                              │
  ╭─────────────│   ↑/↓ preview · Enter select · Esc cancel    │─────────────╮
  │ ❯           └──────────────────────────────────────────────┘             │
  ╰──────────────────────────────────────────── claude-sonnet-4 · workspace ─╯

  Shift+Tab:mode  │  Ctrl+.:shortcuts
