---
source: tui/src/bottom_pane/chat_composer.rs
expression: terminal.backend()
---
"                          "
"› Ask Astral-Code to do an"
"                          "
"                          "
"                          "
"                          "
"                          "
"                          "
"       100% context left  "
