---
source: astral-tui-scrollback/src/render_tests.rs
expression: rendered
---
RUNNING (Truncated)
◇ Run (user) printf shell-output
  cwd /workspace
  │ line one
  │ line two
  … 2 hidden lines
  │ line five

FINISHED (Expanded)
◆ Run (user) printf shell-output  125ms
  cwd /workspace
  exit 0
  │ line one
  │ line two
  │ line three
  │ line four
  │ line five
