---
source: tui/src/chatwidget/tests/exec_flow.rs
expression: combined
---
• Bash task proc-1 running · 0s
  └ cargo test -p codex-core

────────────────────────────────────────────────────────────────────────────────

• Streaming response.

────────────────────────────────────────────────────────────────────────────────
