---
source: tui/src/chatwidget/tests/permissions.rs
assertion_line: 565
expression: popup
---
  Couldn't set up your sandbox with Administrator permissions

  Your organization requires the default sandbox before Astral can continue.
  Learn more <https://github.com/oines/astral-code/blob/main/docs/sandbox.md>

› 1. Try setting up admin sandbox again
  2. Quit

  Press enter to confirm or esc to go back
