---
source: tui/src/chatwidget/tests/side.rs
expression: normalized_backend_snapshot(terminal.backend())
---
"                                                                                "
"• Working (0s • esc to interrupt)                                               "
"                                                                                "
"                                                                                "
"› Ask Astral-Code to do anything                                                "
"                                                                                "
"  deepseek-v4-pro default                                     Side starting...  "
