---
source: tui/src/chatwidget/tests/popups_and_settings.rs
expression: popup
---
  Select Model and Effort
  Choose one of your configured models, then confirm its reasoning level.

  1. deepseek-v4-pro (default)  Default Astral model for complex coding and
                                agentic terminal work.
  2. gpt-5.4                    Strong model for everyday coding.
  3. gpt-5.4-mini               Small, fast, and cost-efficient model for
                                simpler coding tasks.
  4. gpt-5.3-codex              Legacy model metadata retained for
                                compatibility tests and explicit provider
                                overrides.
› 5. gpt-5.2 (current)          Optimized for professional work and long-
                                running agents.

  Press enter to confirm or esc to go back
