---
source: tui/src/onboarding/auth.rs
assertion_line: 632
expression: terminal.backend()
---
  Configure a provider API key to use astral-code.
  API keys are read from provider config or environment.

> 1. Use provider configuration
     Set ASTRAL_API_KEY or the provider auth env var

  Press enter to continue
