---
source: astral-tui/src/models_manager/models_manager_tests.rs
expression: "format!(\"COLLAPSED\\n{collapsed}\\n\\nEXPANDED\\n{expanded}\\n\\nADD PROVIDER\\n{provider_form}\\n\\nADD MODEL\\n{model_form}\\n\\nMODEL DETAIL\\n{detail}\\n\\nMODEL OVERRIDES\\n{overrides}\")"
---
COLLAPSED

               ┌─ Settings / Models & Providers ────────────────────────────────[×]─┐
               │                                                                    │
               │    Search providers and loaded models…                             │
               │                                                                    │
               │    ＋  Add provider                   Configure a custom endpoint   │
               │  ❯ ▸ DeepSeek  [deepseek]                                          │
               │    ▸ Anthropic  [anthropic]                                        │
               │                                                                    │
               │                                                                    │
               │                                                                    │
               │                                                                    │
               │                                                                    │
               │                                                                    │
               │                                                                    │
               │                                                                    │
               │                                                                    │
               │                                                                    │
               │                                                                    │
               │                                                                    │
               │                                                                    │
               │                                                                    │
               │                                                                    │
               │                                                                    │
               │              Type · j/k move · h/l fold · Enter · Esc              │
               └────────────────────────────────────────────────────────────────────┘

EXPANDED

               ┌─ Settings / Models & Providers ────────────────────────────────[×]─┐
               │                                                                    │
               │    Search providers and loaded models…                             │
               │                                                                    │
               │    ＋  Add provider                   Configure a custom endpoint   │
               │  ❯ ▾ DeepSeek  [deepseek]                                          │
               │        ◇ Settings                                  Edit DeepSeek   │
               │        ＋  Add model                              Add to DeepSeek   │
               │        − Remove provider                         Delete DeepSeek   │
               │        ◇ Models                              Discovering models…   │
               │        ● DeepSeek Chat                           tools · context   │
               │    ▸ Anthropic  [anthropic]                                        │
               │                                                                    │
               │                                                                    │
               │                                                                    │
               │                                                                    │
               │                                                                    │
               │                                                                    │
               │                                                                    │
               │                                                                    │
               │                                                                    │
               │                                                                    │
               │                                                                    │
               │              Type · j/k move · h/l fold · Enter · Esc              │
               └────────────────────────────────────────────────────────────────────┘

ADD PROVIDER

               ┌─ Add provider ─────────────────────────────────────────────────[×]─┐
               │                                                                    │
               │  ❯ Name              ▏                                             │
               │                                                                    │
               │    Provider ID       —                                             │
               │                                                                    │
               │    Base URL          —                                             │
               │                                                                    │
               │    API wire          Chat Completions  ←/→                         │
               │                                                                    │
               │    API key env var   —                                             │
               │                                                                    │
               │    Save provider     Write to user config                          │
               │                                                                    │
               │                                                                    │
               │                                                                    │
               │                                                                    │
               │                                                                    │
               │                                                                    │
               │                                                                    │
               │                                                                    │
               │  Provider flavor is inferred automatically. Hidden advanced keys   │
               │                                                                    │
               │            j/k fields · Enter next · Ctrl+S save · Esc             │
               └────────────────────────────────────────────────────────────────────┘

ADD MODEL

               ┌─ Add model · DeepSeek ─────────────────────────────────────────[×]─┐
               │                                                                    │
               │  ❯ Model ID              ▏                                         │
               │    Context window        Inherit                                   │
               │    Max output tokens     Inherit                                   │
               │    Vision                Inherit  ←/→                              │
               │    Save model            Write manual overrides to user config     │
               │                                                                    │
               │                                                                    │
               │                                                                    │
               │                                                                    │
               │                                                                    │
               │                                                                    │
               │                                                                    │
               │                                                                    │
               │                                                                    │
               │                                                                    │
               │                                                                    │
               │                                                                    │
               │                                                                    │
               │                                                                    │
               │  Only context, output limit, and vision are user overrides; other  │
               │                                                                    │
               │            j/k · h/l choice · Enter · Ctrl+S save · Esc            │
               └────────────────────────────────────────────────────────────────────┘

MODEL DETAIL

               ┌─ DeepSeek Chat ────────────────────────────────────────────────[×]─┐
               │                                                                    │
               │    ◆ Edit manual overrides                                         │
               │                                                                    │
               │  Provider          DeepSeek [deepseek]                             │
               │  Model ID          deepseek-chat                                   │
               │  Description       General-purpose chat model                      │
               │  Context           128000                                          │
               │  Max context       128000                                          │
               │  Max output        8192                                            │
               │  Tool mode         direct                                          │
               │  Tools             yes                                             │
               │  Parallel tools    yes                                             │
               │  Vision            no                                              │
               │  Prompt cache      yes                                             │
               │  Reasoning         no                                              │
               │  Native streaming  yes                                             │
               │  Endpoints         /v1/chat/completions                            │
               │  Sources           provider                                        │
               │                                                                    │
               │                                                                    │
               │                                                                    │
               │                                                                    │
               │                 j/k scroll · Enter edit · Esc back                 │
               └────────────────────────────────────────────────────────────────────┘

MODEL OVERRIDES

               ┌─ Model overrides · deepseek-chat ──────────────────────────────[×]─┐
               │                                                                    │
               │  ❯ Model ID              deepseek-chat  (read-only)                │
               │    Context window        128000                                    │
               │    Max output tokens     Inherit (effective: 8192)                 │
               │    Vision                Inherit (effective: no)  ←/→              │
               │    Save model            Write manual overrides to user config     │
               │                                                                    │
               │                                                                    │
               │                                                                    │
               │                                                                    │
               │                                                                    │
               │                                                                    │
               │                                                                    │
               │                                                                    │
               │                                                                    │
               │                                                                    │
               │                                                                    │
               │                                                                    │
               │                                                                    │
               │                                                                    │
               │  Only context, output limit, and vision are user overrides; other  │
               │                                                                    │
               │            j/k · h/l choice · Enter · Ctrl+S save · Esc            │
               └────────────────────────────────────────────────────────────────────┘
