---
source: tui/src/history_cell/tests.rs
expression: rendered
---
╭────────────────────────────────────────────────────────────────────────────────────────────────────────────╮
│ ✨ Update available! 0.0.0 -> 9.9.9                                                                        │
│ Run sh -c 'curl -fsSL https://raw.githubusercontent.com/oines/astral-code/main/install.sh |                │
│ ASTRAL_NON_INTERACTIVE=1 sh' to update.                                                                    │
│                                                                                                            │
│ See full release notes:                                                                                    │
│ https://github.com/oines/astral-code/releases/latest                                                       │
╰────────────────────────────────────────────────────────────────────────────────────────────────────────────╯
